// Jest Snapshot v1, https://goo.gl/fbAQLP

exports[`<Header /> should render a div 1`] = `
<header
  class="app-header StyledHeader-sc-1h56b3s-0 QAGME"
>
  <div
    class="container-fluid"
  >
    <div
      class="row"
    >
      <div
        class="logo col-2"
      >
        <a
          href="/"
        >
          <img
            alt="Max Life - Logo"
            class="Img-jbgljj-0 gnuli"
            src="IMAGE_MOCK"
          />
        </a>
      </div>
      <div
        class="col-8"
      >
        <h2>
          <span>
            Hi
          </span>
           
          <span>
            <span>
              Amrit
            </span>
          </span>
          !
        </h2>
        <h4>
          <span>
            Partner Head OfÔ¨Åce
          </span>
        </h4>
      </div>
      <div
        class="col"
      />
    </div>
  </div>
</header>
`;
